// Jest Snapshot v1, https://goo.gl/fbAQLP

exports[`Library Component snapshot test 1`] = `
<div>
  <div
    className="text-center"
    style={
      Object {
        "paddingBottom": 10,
        "paddingTop": 10,
      }
    }
  >
    <h4>
      Library App 
    </h4>
  </div>
  <hr />
  <div
    className="jumbotron"
    style={
      Object {
        "marginLeft": 100,
        "marginRight": 100,
      }
    }
  >
    <form
      onSubmit={[Function]}
    >
      <div
        className="form-group"
      >
        <label>
          Title:
        </label>
        <input
          className="form-control"
          onBlur={[Function]}
          placeholder="Enter book title"
          type="text"
        />
      </div>
      <div
        className="form-group"
      >
        <label>
          Author:
        </label>
        <input
          className="form-control"
          onBlur={[Function]}
          placeholder="Enter name of book author"
          type="text"
        />
      </div>
      <button
        className="btn btn-primary"
        type="submit"
      >
        Submit
      </button>
    </form>
  </div>
  <div
    className="row"
    style={
      Object {
        "marginBottom": 20,
      }
    }
  />
</div>
`;
